Process 94885 has finished
开始执行实验队列...
Starting process at Thu Jan 22 06:06:20 UTC 2026, PID will be recorded...
HMMT2025 Process PID: 2556873
HMMT2025 completed
Starting process at Thu Jan 22 06:10:44 UTC 2026, PID will be recorded...
AIME2024 Process PID: 2564454
AIME2024 completed
Starting process at Thu Jan 22 06:15:14 UTC 2026, PID will be recorded...
AIME2025 Process PID: 2573000
AIME2025 completed
Starting process at Thu Jan 22 06:19:53 UTC 2026, PID will be recorded...
BRUMO2025 Process PID: 2581939
BRUMO2025 completed
Starting process at Thu Jan 22 06:24:26 UTC 2026, PID will be recorded...
GPQAD Process PID: 

Process 94885 has finished
开始执行实验队列...
Starting process at Thu Jan 22 14:37:24 UTC 2026, PID will be recorded...
HMMT2025 Process PID: 2840105
HMMT2025 completed
Starting process at Thu Jan 22 14:41:36 UTC 2026, PID will be recorded...
AIME2024 Process PID: 2844999
AIME2024 completed
Starting process at Thu Jan 22 14:45:38 UTC 2026, PID will be recorded...
AIME2025 Process PID: 2849964
AIME2025 completed
Starting process at Thu Jan 22 14:49:30 UTC 2026, PID will be recorded...
BRUMO2025 Process PID: 2854848
BRUMO2025 completed
Starting process at Thu Jan 22 14:53:21 UTC 2026, PID will be recorded...
GPQAD Process PID: 2859808
GPQAD completed
所有实验完成
Process 94885 has finished
开始执行实验队列...
Starting process at Fri Jan 23 02:44:41 UTC 2026, PID will be recorded...
HMMT2025 Process PID: 2923380
HMMT2025 completed
Starting process at Fri Jan 23 02:48:13 UTC 2026, PID will be recorded...
AIME2024 Process PID: 2927633
AIME2024 completed
Starting process at Fri Jan 23 02:51:46 UTC 2026, PID will be recorded...
AIME2025 Process PID: 2931957
AIME2025 completed
Starting process at Fri Jan 23 02:55:11 UTC 2026, PID will be recorded...
BRUMO2025 Process PID: 2936208
BRUMO2025 completed
Starting process at Fri Jan 23 02:58:53 UTC 2026, PID will be recorded...
GPQAD Process PID: 2940533
GPQAD completed
所有实验完成
Process 94885 has finished
开始执行实验队列...
Starting process at Fri Jan 23 03:43:10 UTC 2026, PID will be recorded...
HMMT2025 Process PID: 2968465
