开始执行实验队列...
Starting process at Thu Jan  8 03:26:28 UTC 2026, PID will be recorded...
HMMT2025 Process PID: 462165
HMMT2025 completed
Starting process at Thu Jan  8 09:17:41 UTC 2026, PID will be recorded...
AIME2024 Process PID: 510596
AIME2024 completed
Starting process at Thu Jan  8 19:45:29 UTC 2026, PID will be recorded...
AIME2025 Process PID: 673659
AIME2025 completed
Starting process at Fri Jan  9 07:59:26 UTC 2026, PID will be recorded...
BRUMO2025 Process PID: 879745
开始执行实验队列...
Starting process at Sat 10 Jan 2026 04:16:10 PM CST, PID will be recorded...
HMMT2025 Process PID: 85412
HMMT2025 completed
Starting process at Sat 10 Jan 2026 04:19:48 PM CST, PID will be recorded...
AIME2024 Process PID: 91463
AIME2024 completed
Starting process at Sat 10 Jan 2026 04:23:26 PM CST, PID will be recorded...
AIME2025 Process PID: 97590
AIME2025 completed
Starting process at Sat 10 Jan 2026 04:27:01 PM CST, PID will be recorded...
BRUMO2025 Process PID: 103323
BRUMO2025 completed
Starting process at Sun 11 Jan 2026 07:55:49 AM CST, PID will be recorded...
GPQAD Process PID: 233577
GPQAD completed
所有实验完成
