Process 185178 is still running...
Process 185178 is still running...
Process 185178 is still running...
Process 185178 is still running...
Process 185178 is still running...
Process 185178 is still running...
Process 185178 is still running...
Process 185178 is still running...
Process 185178 is still running...
Process 185178 is still running...
Process 185178 is still running...
Process 185178 is still running...
Process 185178 is still running...
Process 185178 is still running...
Process 185178 is still running...
Process 185178 is still running...
Process 185178 is still running...
Process 185178 is still running...
Process 185178 is still running...
Process 185178 is still running...
Process 185178 is still running...
Process 185178 is still running...
Process 185178 is still running...
Process 185178 is still running...
Process 185178 is still running...
Process 185178 is still running...
Process 185178 is still running...
Process 185178 is still running...
Process 185178 is still running...
Process 185178 is still running...
Process 185178 is still running...
Process 185178 is still running...
Process 185178 is still running...
Process 185178 is still running...
Process 185178 is still running...
Process 185178 is still running...
Process 185178 is still running...
Process 185178 is still running...
Process 185178 is still running...
Process 185178 is still running...
Process 185178 is still running...
Process 185178 is still running...
Process 185178 is still running...
Process 185178 is still running...
Process 185178 is still running...
Process 185178 is still running...
Process 185178 is still running...
Process 185178 is still running...
Process 185178 is still running...
Process 185178 is still running...
Process 185178 is still running...
Process 185178 is still running...
Process 185178 is still running...
Process 185178 is still running...
Process 185178 is still running...
Process 185178 is still running...
Process 185178 is still running...
Process 185178 is still running...
Process 185178 is still running...
Process 185178 is still running...
Process 185178 is still running...
Process 185178 is still running...
Process 185178 is still running...
Process 185178 is still running...
Process 185178 is still running...
Process 185178 is still running...
Process 185178 is still running...
Process 185178 is still running...
Process 185178 is still running...
Process 185178 is still running...
Process 185178 is still running...
Process 185178 is still running...
Process 185178 is still running...
Process 185178 is still running...
Process 185178 is still running...
Process 185178 is still running...
Process 185178 is still running...
Process 185178 is still running...
Process 185178 is still running...
Process 185178 is still running...
Process 185178 is still running...
Process 185178 is still running...
Process 185178 is still running...
Process 185178 is still running...
Process 185178 is still running...
Process 185178 is still running...
Process 185178 is still running...
Process 185178 is still running...
Process 185178 is still running...
Process 185178 is still running...
Process 185178 is still running...
Process 185178 is still running...
Process 185178 is still running...
Process 185178 is still running...
Process 185178 is still running...
Process 185178 is still running...
Process 185178 is still running...
Process 185178 is still running...
Process 185178 is still running...
Process 185178 is still running...
Process 185178 is still running...
Process 185178 is still running...
Process 185178 is still running...
Process 185178 is still running...
Process 185178 is still running...
Process 185178 is still running...
Process 185178 is still running...
Process 185178 is still running...
Process 185178 is still running...
Process 185178 is still running...
Process 185178 is still running...
Process 185178 is still running...
Process 185178 is still running...
Process 185178 is still running...
Process 185178 is still running...
Process 185178 is still running...
Process 185178 is still running...
Process 185178 is still running...
Process 185178 is still running...
Process 185178 is still running...
Process 185178 is still running...
Process 185178 is still running...
Process 185178 is still running...
Process 185178 is still running...
Process 185178 is still running...
Process 185178 is still running...
Process 185178 is still running...
Process 185178 is still running...
Process 185178 is still running...
Process 185178 is still running...
Process 185178 is still running...
Process 185178 is still running...
Process 185178 is still running...
Process 185178 is still running...
Process 185178 is still running...
Process 185178 is still running...
Process 185178 is still running...
Process 185178 is still running...
Process 185178 is still running...
Process 185178 is still running...
Process 185178 is still running...
Process 185178 is still running...
Process 185178 is still running...
Process 185178 is still running...
Process 185178 is still running...
Process 185178 is still running...
Process 185178 is still running...
Process 185178 is still running...
Process 185178 is still running...
Process 185178 is still running...
Process 185178 is still running...
Process 185178 is still running...
Process 185178 is still running...
Process 185178 is still running...
Process 185178 is still running...
Process 185178 is still running...
Process 185178 is still running...
Process 185178 is still running...
Process 185178 is still running...
Process 185178 is still running...
Process 185178 is still running...
Process 185178 is still running...
Process 185178 is still running...
Process 185178 is still running...
Process 185178 is still running...
Process 185178 is still running...
Process 185178 is still running...
Process 185178 is still running...
Process 185178 is still running...
Process 185178 is still running...
Process 185178 is still running...
Process 185178 is still running...
Process 185178 is still running...
Process 185178 is still running...
Process 185178 is still running...
Process 185178 is still running...
Process 185178 is still running...
Process 185178 is still running...
Process 185178 is still running...
Process 185178 is still running...
Process 185178 is still running...
Process 185178 is still running...
Process 185178 is still running...
Process 185178 is still running...
Process 185178 is still running...
Process 185178 is still running...
Process 185178 is still running...
Process 185178 is still running...
Process 185178 is still running...
Process 185178 is still running...
Process 185178 is still running...
Process 185178 is still running...
Process 185178 is still running...
Process 185178 is still running...
Process 185178 is still running...
Process 185178 is still running...
Process 185178 is still running...
Process 185178 is still running...
Process 185178 is still running...
Process 185178 is still running...
Process 185178 is still running...
Process 185178 is still running...
Process 185178 is still running...
Process 185178 is still running...
Process 185178 is still running...
Process 185178 is still running...
Process 185178 is still running...
Process 185178 is still running...
Process 185178 is still running...
Process 185178 is still running...
Process 185178 is still running...
Process 185178 is still running...
Process 185178 is still running...
Process 185178 is still running...
Process 185178 is still running...
Process 185178 is still running...
Process 185178 is still running...
Process 185178 is still running...
Process 185178 is still running...
Process 185178 is still running...
Process 185178 is still running...
Process 185178 is still running...
Process 185178 is still running...
Process 185178 is still running...
Process 185178 is still running...
Process 185178 is still running...
Process 185178 is still running...
Process 185178 is still running...
Process 185178 is still running...
Process 185178 is still running...
Process 185178 is still running...
Process 185178 is still running...
Process 185178 is still running...
Process 185178 is still running...
Process 185178 is still running...
Process 185178 is still running...
Process 185178 is still running...
Process 185178 is still running...
Process 185178 is still running...
Process 185178 is still running...
Process 185178 is still running...
Process 185178 is still running...
Process 185178 is still running...
Process 185178 is still running...
Process 185178 is still running...
Process 185178 is still running...
Process 185178 is still running...
Process 185178 is still running...
Process 185178 is still running...
Process 185178 is still running...
Process 185178 is still running...
Process 185178 is still running...
Process 185178 is still running...
Process 185178 is still running...
Process 185178 is still running...
Process 185178 is still running...
Process 185178 is still running...
Process 185178 is still running...
Process 185178 is still running...
Process 185178 is still running...
Process 185178 is still running...
Process 185178 is still running...
Process 185178 is still running...
Process 185178 is still running...
Process 185178 is still running...
Process 185178 is still running...
Process 185178 is still running...
Process 185178 is still running...
Process 185178 is still running...
Process 185178 is still running...
Process 185178 is still running...
Process 185178 is still running...
Process 185178 is still running...
Process 185178 is still running...
Process 185178 is still running...
Process 185178 is still running...
Process 185178 is still running...
Process 185178 is still running...
Process 185178 is still running...
Process 185178 is still running...
Process 185178 is still running...
Process 185178 is still running...
Process 185178 is still running...
Process 185178 is still running...
Process 185178 is still running...
Process 185178 is still running...
Process 185178 is still running...
Process 185178 is still running...
Process 185178 is still running...
Process 185178 is still running...
Process 185178 is still running...
Process 185178 is still running...
Process 185178 is still running...
Process 185178 is still running...
Process 185178 is still running...
Process 185178 is still running...
Process 185178 is still running...
Process 185178 is still running...
Process 185178 is still running...
Process 185178 is still running...
Process 185178 is still running...
Process 185178 is still running...
Process 185178 is still running...
Process 185178 is still running...
Process 185178 is still running...
Process 185178 is still running...
Process 185178 is still running...
Process 185178 is still running...
Process 185178 is still running...
Process 185178 is still running...
Process 185178 is still running...
Process 185178 is still running...
Process 185178 is still running...
Process 185178 is still running...
Process 185178 is still running...
Process 185178 is still running...
Process 185178 is still running...
Process 185178 is still running...
Process 185178 is still running...
Process 185178 is still running...
Process 185178 is still running...
Process 185178 is still running...
Process 185178 is still running...
Process 185178 is still running...
Process 185178 is still running...
Process 185178 is still running...
Process 185178 is still running...
Process 185178 is still running...
Process 185178 is still running...
Process 185178 is still running...
Process 185178 is still running...
Process 185178 is still running...
Process 185178 is still running...
Process 185178 is still running...
Process 185178 is still running...
Process 185178 is still running...
Process 185178 is still running...
Process 185178 is still running...
Process 185178 is still running...
Process 185178 is still running...
Process 185178 is still running...
Process 185178 is still running...
Process 185178 is still running...
Process 185178 is still running...
Process 185178 is still running...
Process 185178 is still running...
Process 185178 is still running...
Process 185178 is still running...
Process 185178 is still running...
Process 185178 is still running...
Process 185178 is still running...
Process 185178 is still running...
Process 185178 is still running...
Process 185178 is still running...
Process 185178 is still running...
Process 185178 is still running...
Process 185178 is still running...
Process 185178 is still running...
Process 185178 is still running...
Process 185178 is still running...
Process 185178 is still running...
Process 185178 is still running...
Process 185178 is still running...
Process 185178 is still running...
Process 185178 is still running...
Process 185178 is still running...
Process 185178 is still running...
Process 185178 is still running...
Process 185178 is still running...
Process 185178 is still running...
Process 185178 is still running...
Process 185178 is still running...
Process 185178 is still running...
Process 185178 is still running...
Process 185178 is still running...
Process 185178 is still running...
Process 185178 is still running...
Process 185178 is still running...
Process 185178 is still running...
Process 185178 is still running...
Process 185178 is still running...
Process 185178 is still running...
Process 185178 is still running...
Process 185178 is still running...
Process 185178 is still running...
Process 185178 is still running...
Process 185178 is still running...
Process 185178 is still running...
Process 185178 is still running...
Process 185178 is still running...
Process 185178 is still running...
Process 185178 is still running...
Process 185178 is still running...
Process 185178 is still running...
Process 185178 is still running...
Process 185178 is still running...
Process 185178 is still running...
Process 185178 is still running...
Process 185178 is still running...
Process 185178 is still running...
Process 185178 is still running...
Process 185178 is still running...
Process 185178 is still running...
Process 185178 is still running...
Process 185178 is still running...
Process 185178 is still running...
Process 185178 is still running...
Process 185178 is still running...
Process 185178 is still running...
Process 185178 is still running...
Process 185178 is still running...
Process 185178 is still running...
Process 185178 is still running...
Process 185178 is still running...
Process 185178 is still running...
Process 185178 is still running...
Process 185178 is still running...
Process 185178 is still running...
Process 185178 is still running...
Process 185178 is still running...
Process 185178 is still running...
Process 185178 is still running...
Process 185178 is still running...
Process 185178 is still running...
Process 185178 is still running...
Process 185178 is still running...
Process 185178 is still running...
Process 185178 is still running...
Process 185178 is still running...
Process 185178 is still running...
Process 185178 is still running...
Process 185178 is still running...
Process 185178 is still running...
Process 185178 is still running...
Process 185178 is still running...
Process 185178 is still running...
Process 185178 is still running...
Process 185178 is still running...
Process 185178 is still running...
Process 185178 is still running...
Process 185178 is still running...
Process 185178 is still running...
Process 185178 is still running...
Process 185178 is still running...
Process 185178 is still running...
Process 185178 is still running...
Process 185178 is still running...
Process 185178 is still running...
Process 185178 is still running...
Process 185178 is still running...
Process 185178 is still running...
Process 185178 is still running...
Process 185178 is still running...
Process 185178 is still running...
Process 185178 is still running...
Process 185178 is still running...
Process 185178 is still running...
Process 185178 is still running...
Process 185178 is still running...
Process 185178 is still running...
Process 185178 is still running...
Process 185178 is still running...
Process 185178 is still running...
Process 185178 is still running...
Process 185178 is still running...
Process 185178 is still running...
Process 185178 is still running...
Process 185178 is still running...
Process 185178 is still running...
Process 185178 is still running...
Process 185178 is still running...
Process 185178 is still running...
Process 185178 is still running...
Process 185178 is still running...
Process 185178 is still running...
Process 185178 is still running...
Process 185178 is still running...
Process 185178 is still running...
Process 185178 is still running...
Process 185178 is still running...
Process 185178 is still running...
Process 185178 is still running...
Process 185178 is still running...
Process 185178 is still running...
Process 185178 is still running...
Process 185178 is still running...
Process 185178 is still running...
Process 185178 is still running...
Process 185178 is still running...
Process 185178 is still running...
Process 185178 is still running...
Process 185178 is still running...
Process 185178 is still running...
Process 185178 is still running...
Process 185178 is still running...
Process 185178 is still running...
Process 185178 is still running...
Process 185178 is still running...
Process 185178 is still running...
Process 185178 is still running...
Process 185178 is still running...
Process 185178 is still running...
Process 185178 is still running...
Process 185178 is still running...
Process 185178 is still running...
Process 185178 is still running...
Process 185178 is still running...
Process 185178 is still running...
Process 185178 is still running...
Process 185178 is still running...
Process 185178 is still running...
Process 185178 is still running...
Process 185178 is still running...
Process 185178 is still running...
Process 185178 is still running...
Process 185178 is still running...
Process 185178 is still running...
Process 185178 is still running...
Process 185178 is still running...
Process 185178 is still running...
Process 185178 is still running...
Process 185178 is still running...
Process 185178 is still running...
Process 185178 is still running...
Process 185178 is still running...
Process 185178 is still running...
Process 185178 is still running...
Process 185178 is still running...
Process 185178 is still running...
Process 185178 is still running...
Process 185178 is still running...
Process 185178 is still running...
Process 185178 is still running...
Process 185178 is still running...
Process 185178 is still running...
Process 185178 is still running...
Process 185178 is still running...
Process 185178 is still running...
Process 185178 is still running...
Process 185178 is still running...
Process 185178 is still running...
Process 185178 is still running...
Process 185178 is still running...
Process 185178 is still running...
Process 185178 is still running...
Process 185178 is still running...
Process 185178 is still running...
Process 185178 is still running...
Process 185178 is still running...
Process 185178 is still running...
Process 185178 is still running...
Process 185178 is still running...
Process 185178 is still running...
Process 185178 is still running...
Process 185178 is still running...
Process 185178 is still running...
Process 185178 is still running...
Process 185178 is still running...
Process 185178 is still running...
Process 185178 is still running...
Process 185178 is still running...
Process 185178 is still running...
Process 185178 is still running...
Process 185178 is still running...
Process 185178 is still running...
Process 185178 is still running...
Process 185178 is still running...
Process 185178 is still running...
Process 185178 is still running...
Process 185178 is still running...
Process 185178 is still running...
Process 185178 is still running...
Process 185178 is still running...
Process 185178 is still running...
Process 185178 is still running...
Process 185178 is still running...
Process 185178 is still running...
Process 185178 is still running...
Process 185178 is still running...
Process 185178 is still running...
Process 185178 is still running...
Process 185178 is still running...
Process 185178 is still running...
Process 185178 is still running...
Process 185178 is still running...
Process 185178 is still running...
Process 185178 is still running...
Process 185178 is still running...
Process 185178 is still running...
Process 185178 is still running...
Process 185178 is still running...
Process 185178 is still running...
Process 185178 is still running...
Process 185178 is still running...
Process 185178 is still running...
Process 185178 is still running...
Process 185178 is still running...
Process 185178 is still running...
Process 185178 is still running...
Process 185178 is still running...
Process 185178 is still running...
Process 185178 is still running...
Process 185178 is still running...
Process 185178 is still running...
Process 185178 is still running...
Process 185178 is still running...
Process 185178 is still running...
Process 185178 is still running...
Process 185178 is still running...
Process 185178 is still running...
Process 185178 is still running...
Process 185178 is still running...
Process 185178 is still running...
Process 185178 is still running...
Process 185178 is still running...
Process 185178 is still running...
Process 185178 is still running...
Process 185178 is still running...
Process 185178 is still running...
Process 185178 is still running...
Process 185178 is still running...
Process 185178 is still running...
Process 185178 is still running...
Process 185178 is still running...
Process 185178 is still running...
Process 185178 is still running...
Process 185178 is still running...
Process 185178 is still running...
Process 185178 is still running...
Process 185178 is still running...
Process 185178 is still running...
Process 185178 is still running...
Process 185178 is still running...
Process 185178 is still running...
Process 185178 is still running...
Process 185178 is still running...
Process 185178 is still running...
Process 185178 is still running...
Process 185178 is still running...
Process 185178 is still running...
Process 185178 is still running...
Process 185178 is still running...
Process 185178 is still running...
Process 185178 is still running...
Process 185178 is still running...
Process 185178 is still running...
Process 185178 is still running...
Process 185178 is still running...
Process 185178 is still running...
Process 185178 is still running...
Process 185178 is still running...
Process 185178 is still running...
Process 185178 is still running...
Process 185178 is still running...
Process 185178 is still running...
Process 185178 is still running...
Process 185178 is still running...
Process 185178 is still running...
Process 185178 is still running...
Process 185178 is still running...
Process 185178 is still running...
Process 185178 is still running...
Process 185178 is still running...
Process 185178 is still running...
Process 185178 is still running...
Process 185178 is still running...
Process 185178 is still running...
Process 185178 is still running...
Process 185178 is still running...
Process 185178 is still running...
Process 185178 is still running...
Process 185178 is still running...
Process 185178 is still running...
Process 185178 is still running...
Process 185178 is still running...
Process 185178 has finished
开始执行实验队列...
Starting process at Tue Jan 20 23:34:23 CST 2026, PID will be recorded...
HMMT2025 Process PID: 231910
HMMT2025 completed
Starting process at Wed Jan 21 00:52:44 CST 2026, PID will be recorded...
AIME2024 Process PID: 14438
AIME2024 completed
Starting process at Wed Jan 21 02:20:49 CST 2026, PID will be recorded...
AIME2025 Process PID: 62659
AIME2025 completed
Starting process at Wed Jan 21 03:40:45 CST 2026, PID will be recorded...
BRUMO2025 Process PID: 94700
BRUMO2025 completed
Starting process at Wed Jan 21 04:49:49 CST 2026, PID will be recorded...
GPQAD Process PID: 121849
GPQAD completed
所有实验完成
