Process 14448 has finished
开始执行实验队列...
Starting process at Sun Jan 18 14:26:42 CST 2026, PID will be recorded...
GPQAD Process PID: 76157
GPQAD completed
所有实验完成
Process 14448 has finished
开始执行实验队列...
Starting process at Wed 21 Jan 2026 09:21:21 PM CST, PID will be recorded...
GPQAD Process PID: 161688
Process 14448 has finished
开始执行实验队列...
Starting process at Wed 21 Jan 2026 11:36:21 PM CST, PID will be recorded...
GPQAD Process PID: 202004
Process 14448 has finished
开始执行实验队列...
Starting process at Wed 21 Jan 2026 11:37:22 PM CST, PID will be recorded...
GPQAD Process PID: 204372
GPQAD completed
所有实验完成
