Starting batch processing at Thu Nov  6 03:34:26 UTC 2025
Processing 30 questions
Creating complete snapshot environment...
Created script snapshot: /share/yangxizhong/workspace/step_level_deepconf/output/result/UpdateBaseline/hmmt2025-baseline-20251106/snapshot_20251106_033426/selfstepconf_online_snapshot.py
Created model directory snapshot: /share/yangxizhong/workspace/step_level_deepconf/output/result/UpdateBaseline/hmmt2025-baseline-20251106/snapshot_20251106_033426/model
Modified script to use snapshot model directory
Script snapshot checksum: 134fc2d13de37f3ba02f24f8fec6d6a2
Model directory checksum: 0a0296425202b4f633112cc7c40b9c96
Starting execution with snapshot environment...
Processing question 0/29 at Thu Nov  6 03:34:27 UTC 2025
Question 0 completed successfully
---
Processing question 1/29 at Thu Nov  6 03:36:20 UTC 2025
Question 1 completed successfully
---
Processing question 2/29 at Thu Nov  6 03:37:52 UTC 2025
Question 2 completed successfully
---
Processing question 3/29 at Thu Nov  6 03:42:38 UTC 2025
Question 3 completed successfully
---
Processing question 4/29 at Thu Nov  6 03:45:50 UTC 2025
Question 4 completed successfully
---
Processing question 5/29 at Thu Nov  6 03:47:40 UTC 2025
Question 5 completed successfully
---
Processing question 6/29 at Thu Nov  6 03:51:18 UTC 2025
Question 6 completed successfully
---
Processing question 7/29 at Thu Nov  6 03:54:50 UTC 2025
Question 7 completed successfully
---
Processing question 8/29 at Thu Nov  6 03:59:03 UTC 2025
Question 8 completed successfully
---
Processing question 9/29 at Thu Nov  6 04:02:30 UTC 2025
Question 9 completed successfully
---
Processing question 10/29 at Thu Nov  6 04:11:36 UTC 2025
Question 10 completed successfully
---
Processing question 11/29 at Thu Nov  6 04:15:53 UTC 2025
Question 11 completed successfully
---
Processing question 12/29 at Thu Nov  6 04:21:58 UTC 2025
Question 12 completed successfully
---
Processing question 13/29 at Thu Nov  6 04:29:31 UTC 2025
Question 13 completed successfully
---
Processing question 14/29 at Thu Nov  6 04:35:03 UTC 2025
Question 14 completed successfully
---
Processing question 15/29 at Thu Nov  6 04:40:26 UTC 2025
Question 15 completed successfully
---
Processing question 16/29 at Thu Nov  6 04:44:24 UTC 2025
Question 16 completed successfully
---
Processing question 17/29 at Thu Nov  6 04:51:13 UTC 2025
Question 17 completed successfully
---
Processing question 18/29 at Thu Nov  6 04:56:49 UTC 2025
Question 18 completed successfully
---
Processing question 19/29 at Thu Nov  6 05:03:41 UTC 2025
Question 19 completed successfully
---
Processing question 20/29 at Thu Nov  6 05:09:15 UTC 2025
Question 20 completed successfully
---
Processing question 21/29 at Thu Nov  6 05:11:25 UTC 2025
Question 21 completed successfully
---
Processing question 22/29 at Thu Nov  6 05:14:53 UTC 2025
Question 22 completed successfully
---
Processing question 23/29 at Thu Nov  6 05:17:04 UTC 2025
Question 23 completed successfully
---
Processing question 24/29 at Thu Nov  6 05:20:14 UTC 2025
Question 24 completed successfully
---
Processing question 25/29 at Thu Nov  6 05:26:46 UTC 2025
Question 25 completed successfully
---
Processing question 26/29 at Thu Nov  6 05:28:50 UTC 2025
Question 26 completed successfully
---
Processing question 27/29 at Thu Nov  6 05:31:36 UTC 2025
Question 27 completed successfully
---
Processing question 28/29 at Thu Nov  6 05:34:09 UTC 2025
Question 28 completed successfully
---
Processing question 29/29 at Thu Nov  6 05:36:44 UTC 2025
Question 29 completed successfully
---
