开始执行实验队列...
Starting process at Fri Dec 19 10:53:33 CST 2025, PID will be recorded...
HMMT2025 Process PID: 194358
HMMT2025 completed
Starting process at Fri Dec 19 10:57:08 CST 2025, PID will be recorded...
AIME2024 Process PID: 201679
AIME2024 completed
Starting process at Fri Dec 19 11:00:43 CST 2025, PID will be recorded...
AIME2025 Process PID: 207083
AIME2025 completed
Starting process at Fri Dec 19 11:04:20 CST 2025, PID will be recorded...
BRUMO2025 Process PID: 211943
BRUMO2025 completed
Starting process at Fri Dec 19 12:22:03 CST 2025, PID will be recorded...
GPQAD Process PID: 257212
GPQAD completed
所有实验完成
开始执行实验队列...
Starting process at Mon 29 Dec 2025 06:00:45 PM CST, PID will be recorded...
HMMT2025 Process PID: 69539
HMMT2025 completed
Starting process at Mon 29 Dec 2025 06:04:30 PM CST, PID will be recorded...
AIME2024 Process PID: 82334
AIME2024 completed
Starting process at Mon 29 Dec 2025 06:08:10 PM CST, PID will be recorded...
AIME2025 Process PID: 89386
AIME2025 completed
Starting process at Mon 29 Dec 2025 06:11:50 PM CST, PID will be recorded...
BRUMO2025 Process PID: 96724
BRUMO2025 completed
Starting process at Mon 29 Dec 2025 06:15:24 PM CST, PID will be recorded...
GPQAD Process PID: 103070
开始执行实验队列...
Starting process at Tue 30 Dec 2025 04:58:34 PM CST, PID will be recorded...
GPQAD Process PID: 133170
GPQAD completed
所有实验完成
