开始执行实验队列...
Starting process at Fri Jan  2 10:31:11 UTC 2026, PID will be recorded...
HMMT2025 Process PID: 806409
HMMT2025 completed
Starting process at Fri Jan  2 20:24:22 UTC 2026, PID will be recorded...
AIME2024 Process PID: 906439
AIME2024 completed
Starting process at Sat Jan  3 10:49:39 UTC 2026, PID will be recorded...
AIME2025 Process PID: 934262
开始执行实验队列...
Starting process at Sun Jan  4 02:54:07 UTC 2026, PID will be recorded...
HMMT2025 Process PID: 1033716
HMMT2025 completed
Starting process at Sun Jan  4 02:58:42 UTC 2026, PID will be recorded...
AIME2024 Process PID: 1042347
AIME2024 completed
Starting process at Sun Jan  4 03:03:15 UTC 2026, PID will be recorded...
AIME2025 Process PID: 1053421
AIME2025 completed
Starting process at Sun Jan  4 05:32:35 UTC 2026, PID will be recorded...
BRUMO2025 Process PID: 1089375
开始执行实验队列...
Starting process at Mon Jan  5 02:47:18 UTC 2026, PID will be recorded...
HMMT2025 Process PID: 1298274
HMMT2025 completed
Starting process at Mon Jan  5 02:51:15 UTC 2026, PID will be recorded...
AIME2024 Process PID: 1302519
AIME2024 completed
Starting process at Mon Jan  5 02:54:53 UTC 2026, PID will be recorded...
AIME2025 Process PID: 1306838
AIME2025 completed
Starting process at Mon Jan  5 02:58:37 UTC 2026, PID will be recorded...
BRUMO2025 Process PID: 1311346
BRUMO2025 completed
Starting process at Mon Jan  5 06:24:48 UTC 2026, PID will be recorded...
GPQAD Process PID: 1351092
GPQAD completed
所有实验完成
