开始执行实验队列...
Starting process at Sat Jan  3 12:20:47 UTC 2026, PID will be recorded...
HMMT2025 Process PID: 940586
HMMT2025 completed
Starting process at Sat Jan  3 14:05:41 UTC 2026, PID will be recorded...
AIME2024 Process PID: 969037
AIME2024 completed
Starting process at Sat Jan  3 20:24:58 UTC 2026, PID will be recorded...
AIME2025 Process PID: 1009151
control_bash/control_baseline_B512_Qwen3-14B-NonThinking.sh: line 69: 1009151 Killed                  CUDA_VISIBLE_DEVICES=4,5,6,7 bash $BASH_PATH --dataset-path $DATASET_PATH3 --model-path $MODEL_PATH --script-path $TEMP_SCRIPT --model-dir $TEMP_MODEL_DIR --log-dir $LOG_DIR3 --budget $BUDGET --tensor-parallel-size $TENSOR_PARALLEL_SIZE --temperature $TEMPERATURE >> $LOG_FILE3 2>&1
AIME2025 completed
Starting process at Sun Jan  4 02:50:48 UTC 2026, PID will be recorded...
BRUMO2025 Process PID: 1032452
开始执行实验队列...
Starting process at Sun Jan  4 02:53:57 UTC 2026, PID will be recorded...
HMMT2025 Process PID: 1033506
HMMT2025 completed
Starting process at Sun Jan  4 02:58:32 UTC 2026, PID will be recorded...
AIME2024 Process PID: 1041849
AIME2024 completed
Starting process at Sun Jan  4 03:02:58 UTC 2026, PID will be recorded...
AIME2025 Process PID: 1052782
AIME2025 completed
Starting process at Sun Jan  4 04:08:37 UTC 2026, PID will be recorded...
BRUMO2025 Process PID: 1075099
BRUMO2025 completed
Starting process at Sun Jan  4 07:54:37 UTC 2026, PID will be recorded...
GPQAD Process PID: 1111630
GPQAD completed
所有实验完成
