Starting batch processing at Thu Nov  6 03:43:48 UTC 2025
Processing 30 questions
Creating complete snapshot environment...
Created script snapshot: /share/yangxizhong/workspace/step_level_deepconf/output/result/UpdateBaseline/aime2024-baseline-20251106/snapshot_20251106_034348/selfstepconf_online_snapshot.py
Created model directory snapshot: /share/yangxizhong/workspace/step_level_deepconf/output/result/UpdateBaseline/aime2024-baseline-20251106/snapshot_20251106_034348/model
Modified script to use snapshot model directory
Script snapshot checksum: e45bec18829e0c8485711c80c8fd3992
Model directory checksum: 6785d660badad9b55bed9c205fd6d30c
Batch processing completed at Thu Nov  6 03:43:48 UTC 2025
Starting execution with snapshot environment...
Processing question 0/29 at Thu Nov  6 03:43:48 UTC 2025
Question 0 completed successfully
---
Processing question 1/29 at Thu Nov  6 03:43:56 UTC 2025
Question 1 completed successfully
---
Processing question 2/29 at Thu Nov  6 03:47:29 UTC 2025
Question 2 completed successfully
---
Processing question 3/29 at Thu Nov  6 03:54:13 UTC 2025
Question 3 completed successfully
---
Processing question 4/29 at Thu Nov  6 04:01:17 UTC 2025
Question 4 completed successfully
---
Processing question 5/29 at Thu Nov  6 04:07:09 UTC 2025
Question 5 completed successfully
---
Processing question 6/29 at Thu Nov  6 04:10:55 UTC 2025
Question 6 completed successfully
---
Processing question 7/29 at Thu Nov  6 04:14:00 UTC 2025
Question 7 completed successfully
---
Processing question 8/29 at Thu Nov  6 04:17:38 UTC 2025
Question 8 completed successfully
---
Processing question 9/29 at Thu Nov  6 04:19:42 UTC 2025
Question 9 completed successfully
---
Processing question 10/29 at Thu Nov  6 04:22:31 UTC 2025
Question 10 completed successfully
---
Processing question 11/29 at Thu Nov  6 04:26:19 UTC 2025
Question 11 completed successfully
---
Processing question 12/29 at Thu Nov  6 04:28:31 UTC 2025
Question 12 completed successfully
---
Processing question 13/29 at Thu Nov  6 04:30:54 UTC 2025
Question 13 completed successfully
---
Processing question 14/29 at Thu Nov  6 04:36:38 UTC 2025
Question 14 completed successfully
---
Processing question 15/29 at Thu Nov  6 04:41:29 UTC 2025
Question 15 completed successfully
---
Processing question 16/29 at Thu Nov  6 04:43:04 UTC 2025
Question 16 completed successfully
---
Processing question 17/29 at Thu Nov  6 04:49:11 UTC 2025
Question 17 completed successfully
---
Processing question 18/29 at Thu Nov  6 04:53:22 UTC 2025
Question 18 completed successfully
---
Processing question 19/29 at Thu Nov  6 04:57:32 UTC 2025
Question 19 completed successfully
---
Processing question 20/29 at Thu Nov  6 04:59:54 UTC 2025
Question 20 completed successfully
---
Processing question 21/29 at Thu Nov  6 05:04:27 UTC 2025
Question 21 completed successfully
---
Processing question 22/29 at Thu Nov  6 05:09:33 UTC 2025
Question 22 completed successfully
---
Processing question 23/29 at Thu Nov  6 05:12:10 UTC 2025
Question 23 completed successfully
---
Processing question 24/29 at Thu Nov  6 05:16:10 UTC 2025
Question 24 completed successfully
---
Processing question 25/29 at Thu Nov  6 05:17:40 UTC 2025
Question 25 completed successfully
---
Processing question 26/29 at Thu Nov  6 05:23:01 UTC 2025
Question 26 completed successfully
---
Processing question 27/29 at Thu Nov  6 05:25:41 UTC 2025
Question 27 completed successfully
---
Processing question 28/29 at Thu Nov  6 05:28:48 UTC 2025
Question 28 completed successfully
---
Processing question 29/29 at Thu Nov  6 05:32:39 UTC 2025
Question 29 completed successfully
---
