Starting batch processing at Thu Nov  6 03:40:52 UTC 2025
Processing 30 questions
Creating complete snapshot environment...
Created script snapshot: /share/yangxizhong/workspace/step_level_deepconf/output/result/UpdateBaseline/aime2025-baseline-20251106/snapshot_20251106_034052/selfstepconf_online_snapshot.py
Created model directory snapshot: /share/yangxizhong/workspace/step_level_deepconf/output/result/UpdateBaseline/aime2025-baseline-20251106/snapshot_20251106_034052/model
Modified script to use snapshot model directory
Script snapshot checksum: ba7f0d4e2686bacd0d24e8cf087ce9a3
Model directory checksum: ce3772c165e302a138e9c7bcc7c825c5
Batch processing completed at Thu Nov  6 03:40:53 UTC 2025
Starting execution with snapshot environment...
Processing question 0/29 at Thu Nov  6 03:40:53 UTC 2025
Question 0 completed successfully
---
Processing question 1/29 at Thu Nov  6 03:42:44 UTC 2025
Question 1 completed successfully
---
Processing question 2/29 at Thu Nov  6 03:45:21 UTC 2025
Question 2 completed successfully
---
Processing question 3/29 at Thu Nov  6 03:47:43 UTC 2025
Question 3 completed successfully
---
Processing question 4/29 at Thu Nov  6 03:49:39 UTC 2025
Question 4 completed successfully
---
Processing question 5/29 at Thu Nov  6 03:52:28 UTC 2025
Question 5 completed successfully
---
Processing question 6/29 at Thu Nov  6 03:54:11 UTC 2025
Question 6 completed successfully
---
Processing question 7/29 at Thu Nov  6 03:57:13 UTC 2025
Question 7 completed successfully
---
Processing question 8/29 at Thu Nov  6 04:00:11 UTC 2025
Question 8 completed successfully
---
Processing question 9/29 at Thu Nov  6 04:07:25 UTC 2025
Question 9 completed successfully
---
Processing question 10/29 at Thu Nov  6 04:14:53 UTC 2025
Question 10 completed successfully
---
Processing question 11/29 at Thu Nov  6 04:18:49 UTC 2025
Question 11 completed successfully
---
Processing question 12/29 at Thu Nov  6 04:23:10 UTC 2025
Question 12 completed successfully
---
Processing question 13/29 at Thu Nov  6 04:27:59 UTC 2025
Question 13 completed successfully
---
Processing question 14/29 at Thu Nov  6 04:36:37 UTC 2025
Question 14 completed successfully
---
Processing question 15/29 at Thu Nov  6 04:44:12 UTC 2025
Question 15 completed successfully
---
Processing question 16/29 at Thu Nov  6 04:45:50 UTC 2025
Question 16 completed successfully
---
Processing question 17/29 at Thu Nov  6 04:47:52 UTC 2025
Question 17 completed successfully
---
Processing question 18/29 at Thu Nov  6 04:50:49 UTC 2025
Question 18 completed successfully
---
Processing question 19/29 at Thu Nov  6 04:53:38 UTC 2025
Question 19 completed successfully
---
Processing question 20/29 at Thu Nov  6 04:56:48 UTC 2025
Question 20 completed successfully
---
Processing question 21/29 at Thu Nov  6 04:59:41 UTC 2025
Question 21 completed successfully
---
Processing question 22/29 at Thu Nov  6 05:02:03 UTC 2025
Question 22 completed successfully
---
Processing question 23/29 at Thu Nov  6 05:06:41 UTC 2025
Question 23 completed successfully
---
Processing question 24/29 at Thu Nov  6 05:10:02 UTC 2025
Question 24 completed successfully
---
Processing question 25/29 at Thu Nov  6 05:12:50 UTC 2025
Question 25 completed successfully
---
Processing question 26/29 at Thu Nov  6 05:16:21 UTC 2025
Question 26 completed successfully
---
Processing question 27/29 at Thu Nov  6 05:20:38 UTC 2025
Question 27 completed successfully
---
Processing question 28/29 at Thu Nov  6 05:27:25 UTC 2025
Question 28 completed successfully
---
Processing question 29/29 at Thu Nov  6 05:33:10 UTC 2025
Question 29 completed successfully
---
